26/04/15 12:00:29 WARN Utils: Your hostname, LAPTOP-BBBI5KIQ resolves to a loopback address: 127.0.1.1; using 10.255.255.254 instead (on interface lo)
26/04/15 12:00:29 WARN Utils: Set SPARK_LOCAL_IP if you need to bind to another address
26/04/15 12:00:32 INFO SparkContext: Running Spark version 3.5.1
26/04/15 12:00:32 INFO SparkContext: OS info Linux, 5.15.167.4-microsoft-standard-WSL2, amd64
26/04/15 12:00:32 INFO SparkContext: Java version 11.0.30
26/04/15 12:00:35 WARN NativeCodeLoader: Unable to load native-hadoop library for your platform... using builtin-java classes where applicable
26/04/15 12:00:35 INFO ResourceUtils: ==============================================================
26/04/15 12:00:35 INFO ResourceUtils: No custom resources configured for spark.driver.
26/04/15 12:00:35 INFO ResourceUtils: ==============================================================
26/04/15 12:00:35 INFO SparkContext: Submitted application: FraudDetection_SpectralClustering_PIC
26/04/15 12:00:36 INFO ResourceProfile: Default ResourceProfile created, executor resources: Map(cores -> name: cores, amount: 1, script: , vendor: , memory -> name: memory, amount: 4096, script: , vendor: , offHeap -> name: offHeap, amount: 0, script: , vendor: ), task resources: Map(cpus -> name: cpus, amount: 1.0)
26/04/15 12:00:36 INFO ResourceProfile: Limiting resource is cpu
26/04/15 12:00:36 INFO ResourceProfileManager: Added ResourceProfile id: 0
26/04/15 12:00:36 INFO SecurityManager: Changing view acls to: hadoop
26/04/15 12:00:36 INFO SecurityManager: Changing modify acls to: hadoop
26/04/15 12:00:36 INFO SecurityManager: Changing view acls groups to: 
26/04/15 12:00:36 INFO SecurityManager: Changing modify acls groups to: 
26/04/15 12:00:36 INFO SecurityManager: SecurityManager: authentication disabled; ui acls disabled; users with view permissions: hadoop; groups with view permissions: EMPTY; users with modify permissions: hadoop; groups with modify permissions: EMPTY
26/04/15 12:00:36 INFO Utils: Successfully started service 'sparkDriver' on port 41301.
26/04/15 12:00:36 INFO SparkEnv: Registering MapOutputTracker
26/04/15 12:00:36 INFO SparkEnv: Registering BlockManagerMaster
26/04/15 12:00:36 INFO BlockManagerMasterEndpoint: Using org.apache.spark.storage.DefaultTopologyMapper for getting topology information
26/04/15 12:00:36 INFO BlockManagerMasterEndpoint: BlockManagerMasterEndpoint up
26/04/15 12:00:36 INFO SparkEnv: Registering BlockManagerMasterHeartbeat
26/04/15 12:00:36 INFO DiskBlockManager: Created local directory at /tmp/blockmgr-8643886a-5444-4f22-86e4-b28d724eb120
26/04/15 12:00:37 INFO MemoryStore: MemoryStore started with capacity 579.2 MiB
26/04/15 12:00:37 INFO SparkEnv: Registering OutputCommitCoordinator
26/04/15 12:00:37 INFO JettyUtils: Start Jetty 0.0.0.0:4040 for SparkUI
26/04/15 12:00:37 INFO Utils: Successfully started service 'SparkUI' on port 4040.
26/04/15 12:00:37 INFO Executor: Starting executor ID driver on host 10.255.255.254
26/04/15 12:00:37 INFO Executor: OS info Linux, 5.15.167.4-microsoft-standard-WSL2, amd64
26/04/15 12:00:37 INFO Executor: Java version 11.0.30
26/04/15 12:00:37 INFO Executor: Starting executor with user classpath (userClassPathFirst = false): ''
26/04/15 12:00:37 INFO Executor: Created or updated repl class loader org.apache.spark.util.MutableURLClassLoader@d284e2b for default.
26/04/15 12:00:37 INFO Utils: Successfully started service 'org.apache.spark.network.netty.NettyBlockTransferService' on port 45977.
26/04/15 12:00:37 INFO NettyBlockTransferService: Server created on 10.255.255.254:45977
26/04/15 12:00:37 INFO BlockManager: Using org.apache.spark.storage.RandomBlockReplicationPolicy for block replication policy
26/04/15 12:00:37 INFO BlockManagerMaster: Registering BlockManager BlockManagerId(driver, 10.255.255.254, 45977, None)
26/04/15 12:00:37 INFO BlockManagerMasterEndpoint: Registering block manager 10.255.255.254:45977 with 579.2 MiB RAM, BlockManagerId(driver, 10.255.255.254, 45977, None)
26/04/15 12:00:37 INFO BlockManagerMaster: Registered BlockManager BlockManagerId(driver, 10.255.255.254, 45977, None)
26/04/15 12:00:37 INFO BlockManager: Initialized BlockManager: BlockManagerId(driver, 10.255.255.254, 45977, None)
26/04/15 12:55:37 WARN WindowExec: No Partition Defined for Window operation! Moving all data to a single partition, this can cause serious performance degradation.
26/04/15 12:55:37 WARN WindowExec: No Partition Defined for Window operation! Moving all data to a single partition, this can cause serious performance degradation.
26/04/15 12:55:37 WARN WindowExec: No Partition Defined for Window operation! Moving all data to a single partition, this can cause serious performance degradation.
26/04/15 12:55:37 WARN WindowExec: No Partition Defined for Window operation! Moving all data to a single partition, this can cause serious performance degradation.
26/04/15 12:55:37 WARN WindowExec: No Partition Defined for Window operation! Moving all data to a single partition, this can cause serious performance degradation.
26/04/15 12:55:37 WARN WindowExec: No Partition Defined for Window operation! Moving all data to a single partition, this can cause serious performance degradation.
26/04/15 12:55:38 WARN WindowExec: No Partition Defined for Window operation! Moving all data to a single partition, this can cause serious performance degradation.
26/04/15 12:55:38 WARN WindowExec: No Partition Defined for Window operation! Moving all data to a single partition, this can cause serious performance degradation.
26/04/15 12:55:39 WARN WindowExec: No Partition Defined for Window operation! Moving all data to a single partition, this can cause serious performance degradation.
26/04/15 12:55:39 WARN WindowExec: No Partition Defined for Window operation! Moving all data to a single partition, this can cause serious performance degradation.
26/04/15 12:55:50 WARN WindowExec: No Partition Defined for Window operation! Moving all data to a single partition, this can cause serious performance degradation.
26/04/15 12:55:50 WARN WindowExec: No Partition Defined for Window operation! Moving all data to a single partition, this can cause serious performance degradation.
26/04/15 12:55:58 WARN WindowExec: No Partition Defined for Window operation! Moving all data to a single partition, this can cause serious performance degradation.
26/04/15 12:55:58 WARN WindowExec: No Partition Defined for Window operation! Moving all data to a single partition, this can cause serious performance degradation.
26/04/15 12:55:59 WARN WindowExec: No Partition Defined for Window operation! Moving all data to a single partition, this can cause serious performance degradation.
26/04/15 12:55:59 WARN WindowExec: No Partition Defined for Window operation! Moving all data to a single partition, this can cause serious performance degradation.
26/04/15 12:56:00 WARN WindowExec: No Partition Defined for Window operation! Moving all data to a single partition, this can cause serious performance degradation.
26/04/15 12:56:00 WARN WindowExec: No Partition Defined for Window operation! Moving all data to a single partition, this can cause serious performance degradation.


======================================================================
FRAUD DETECTION PIPELINE SUMMARY
======================================================================
Nodes: 203,769
Edges: 234,355
Graph density: 0.000011
PIC clusters: 200
Fraud clusters flagged: 5
Fraud cluster IDs: [113, 36, 23, 78, 11]
Flagged nodes: 13649
Flagged transaction volume: $5,248.00
Runtime: 3244.59s

Precision: 0.0443
Recall: 0.0629
F1 score: 0.0520
TP/FP/FN/TN: 604/13045/8995/181125


Artifacts:
- cluster_scores_csv: outputs/run_20260415_120021/cluster_scores.csv
- fraud_score_chart: outputs/run_20260415_120021/fraud_scores_by_cluster.png
- density_cv_chart: outputs/run_20260415_120021/density_vs_cv.png

